[0m11:37:21.837613 [debug] [MainThread]: Sending event: {'category': 'dbt', 'action': 'invocation', 'label': 'start', 'context': [<snowplow_tracker.self_describing_json.SelfDescribingJson object at 0x000002472CCAA050>, <snowplow_tracker.self_describing_json.SelfDescribingJson object at 0x000002472CCAAB90>, <snowplow_tracker.self_describing_json.SelfDescribingJson object at 0x000002472CCC1090>]}


============================== 11:37:21.841731 | f285c228-d009-47da-9563-affb755a1078 ==============================
[0m11:37:21.841731 [info ] [MainThread]: Running with dbt=1.12.4
[0m11:37:21.842715 [debug] [MainThread]: running dbt with arguments {'version_check': 'True', 'no_print': 'None', 'static_parser': 'True', 'warn_error_options': 'WarnErrorOptionsV2(error=[], warn=[], silence=[])', 'target_path': 'None', 'maximum_seed_size_mib': '1', 'printer_width': '80', 'write_json': 'True', 'introspect': 'True', 'log_cache_events': 'False', 'empty': 'None', 'cache_selected_only': 'False', 'fail_fast': 'False', 'debug': 'False', 'log_format': 'default', 'profiles_dir': 'C:\\Users\\Probook\\.dbt', 'send_anonymous_usage_stats': 'True', 'quiet': 'False', 'warn_error': 'None', 'partial_parse': 'True', 'use_colors': 'True', 'hints_enabled': 'True', 'indirect_selection': 'eager', 'use_experimental_parser': 'False', 'invocation_command': 'dbt init velib_dbt', 'log_path': 'logs'}
[0m11:37:21.874381 [info ] [MainThread]: Creating dbt configuration folder at C:\Users\Probook\.dbt
[0m11:37:21.877511 [debug] [MainThread]: Starter project path: C:\Users\Probook\AppData\Local\Programs\Python\Python311\Lib\site-packages\dbt\include\starter_project
[0m11:37:21.945265 [info ] [MainThread]: Setting up your profile.
[0m11:39:49.367993 [info ] [MainThread]: Profile velib_dbt written to C:\Users\Probook\.dbt\profiles.yml using target's profile_template.yml and your supplied values.
[0m11:39:49.367993 [info ] [MainThread]: Running dbt debug to validate the project...
[0m11:39:49.367993 [info ] [MainThread]: dbt version: 1.12.4
[0m11:39:49.367993 [info ] [MainThread]: python version: 3.11.9
[0m11:39:49.373730 [info ] [MainThread]: python path: C:\Users\Probook\AppData\Local\Programs\Python\Python311\python.exe
[0m11:39:49.374736 [info ] [MainThread]: os info: Windows-10-10.0.26200-SP0
[0m11:39:49.426524 [info ] [MainThread]: Using profiles dir at C:\Users\Probook\.dbt
[0m11:39:49.426524 [info ] [MainThread]: Using profiles.yml file at C:\Users\Probook\.dbt\profiles.yml
[0m11:39:49.426524 [info ] [MainThread]: Using dbt_project.yml file at C:\Users\Probook\OneDrive\Documents\velib-monitoring\velib_dbt\dbt_project.yml
[0m11:39:49.437510 [info ] [MainThread]: adapter type: postgres
[0m11:39:49.439068 [info ] [MainThread]: adapter version: 1.11.0
[0m11:39:49.547433 [info ] [MainThread]: Configuration:
[0m11:39:49.549453 [info ] [MainThread]:   profiles.yml file [[32mOK found and valid[0m]
[0m11:39:49.549453 [info ] [MainThread]:   dbt_project.yml file [[32mOK found and valid[0m]
[0m11:39:49.549453 [info ] [MainThread]: Required dependencies:
[0m11:39:49.549453 [debug] [MainThread]: Executing "git --help"
[0m11:39:49.584389 [debug] [MainThread]: STDOUT: "b"usage: git [-v | --version] [-h | --help] [-C <path>] [-c <name>=<value>]\n           [--exec-path[=<path>]] [--html-path] [--man-path] [--info-path]\n           [-p | --paginate | -P | --no-pager] [--no-replace-objects] [--bare]\n           [--git-dir=<path>] [--work-tree=<path>] [--namespace=<name>]\n           [--config-env=<name>=<envvar>] <command> [<args>]\n\nThese are common Git commands used in various situations:\n\nstart a working area (see also: git help tutorial)\n   clone     Clone a repository into a new directory\n   init      Create an empty Git repository or reinitialize an existing one\n\nwork on the current change (see also: git help everyday)\n   add       Add file contents to the index\n   mv        Move or rename a file, a directory, or a symlink\n   restore   Restore working tree files\n   rm        Remove files from the working tree and from the index\n\nexamine the history and state (see also: git help revisions)\n   bisect    Use binary search to find the commit that introduced a bug\n   diff      Show changes between commits, commit and working tree, etc\n   grep      Print lines matching a pattern\n   log       Show commit logs\n   show      Show various types of objects\n   status    Show the working tree status\n\ngrow, mark and tweak your common history\n   branch    List, create, or delete branches\n   commit    Record changes to the repository\n   merge     Join two or more development histories together\n   rebase    Reapply commits on top of another base tip\n   reset     Reset current HEAD to the specified state\n   switch    Switch branches\n   tag       Create, list, delete or verify a tag object signed with GPG\n\ncollaborate (see also: git help workflows)\n   fetch     Download objects and refs from another repository\n   pull      Fetch from and integrate with another repository or a local branch\n   push      Update remote refs along with associated objects\n\n'git help -a' and 'git help -g' list available subcommands and some\nconcept guides. See 'git help <command>' or 'git help <concept>'\nto read about a specific subcommand or concept.\nSee 'git help git' for an overview of the system.\n""
[0m11:39:49.584389 [debug] [MainThread]: STDERR: "b''"
[0m11:39:49.584389 [info ] [MainThread]:  - git [[32mOK found[0m]

[0m11:39:49.584389 [info ] [MainThread]: Connection:
[0m11:39:49.584389 [info ] [MainThread]:   host: ep-rough-sun-b2n7w4ot-pooler.c-6.eu-central-1.aws.neon.tech
[0m11:39:49.584389 [info ] [MainThread]:   port: 5432
[0m11:39:49.584389 [info ] [MainThread]:   user: 	neondb_owner
[0m11:39:49.584389 [info ] [MainThread]:   database: neondb
[0m11:39:49.584389 [info ] [MainThread]:   schema: analytics
[0m11:39:49.584389 [info ] [MainThread]:   connect_timeout: 10
[0m11:39:49.584389 [info ] [MainThread]:   role: None
[0m11:39:49.584389 [info ] [MainThread]:   search_path: None
[0m11:39:49.584389 [info ] [MainThread]:   keepalives_idle: 0
[0m11:39:49.594132 [info ] [MainThread]:   sslmode: None
[0m11:39:49.594132 [info ] [MainThread]:   sslcert: None
[0m11:39:49.594132 [info ] [MainThread]:   sslkey: None
[0m11:39:49.594132 [info ] [MainThread]:   sslrootcert: None
[0m11:39:49.594132 [info ] [MainThread]:   application_name: dbt
[0m11:39:49.594132 [info ] [MainThread]:   autocommit: False
[0m11:39:49.594132 [info ] [MainThread]:   retries: 1
[0m11:39:49.597259 [info ] [MainThread]: Registered adapter: postgres=1.11.0
[0m11:39:49.814431 [debug] [MainThread]: Acquiring new postgres connection 'debug'
[0m11:39:52.469719 [debug] [MainThread]: Using postgres connection "debug"
[0m11:39:52.470445 [debug] [MainThread]: On debug: select 1 as id
[0m11:39:52.470814 [debug] [MainThread]: Opening a new connection, currently in state init
[0m11:39:53.025219 [debug] [MainThread]: Postgres adapter: Got a retryable error when attempting to open a postgres connection.
1 attempts remaining. Retrying in 0 seconds.
Error:
connection to server at "ep-rough-sun-b2n7w4ot-pooler.c-6.eu-central-1.aws.neon.tech" (52.28.178.228), port 5432 failed: ERROR:  password authentication failed for user '	neondb_owner'
connection to server at "ep-rough-sun-b2n7w4ot-pooler.c-6.eu-central-1.aws.neon.tech" (52.28.178.228), port 5432 failed: ERROR:  connection is insecure (try using `sslmode=require`)

[0m11:39:53.489275 [debug] [MainThread]: Postgres adapter: Error running SQL: select 1 as id
[0m11:39:53.490340 [debug] [MainThread]: Postgres adapter: Rolling back transaction.
[0m11:39:53.490340 [debug] [MainThread]: On debug: No close available on handle
[0m11:39:53.491352 [info ] [MainThread]:   Connection test: [[31mERROR[0m]

[0m11:39:53.491352 [info ] [MainThread]: [31m1 check failed:[0m
[0m11:39:53.492326 [info ] [MainThread]: dbt was unable to connect to the specified database.
The database returned the following error:

  >Database Error
  connection to server at "ep-rough-sun-b2n7w4ot-pooler.c-6.eu-central-1.aws.neon.tech" (52.28.178.228), port 5432 failed: ERROR:  password authentication failed for user '	neondb_owner'
  connection to server at "ep-rough-sun-b2n7w4ot-pooler.c-6.eu-central-1.aws.neon.tech" (52.28.178.228), port 5432 failed: ERROR:  connection is insecure (try using `sslmode=require`)
  

Check your database credentials and try again. For more information, visit:
https://docs.getdbt.com/docs/configure-your-profile


[0m11:39:53.493238 [info ] [MainThread]: Your new dbt project "velib_dbt" was created!
Initialized new project in C:\Users\Probook\OneDrive\Documents\velib-monitoring\velib_dbt\velib_dbt

For more information on how to configure the profiles.yml file,
please consult the dbt documentation here:

  https://docs.getdbt.com/docs/configure-your-profile

One more thing:

Need help? Don't hesitate to reach out to us via GitHub issues or on Slack:

  https://community.getdbt.com/

Happy modeling!

[0m11:39:53.494247 [info ] [MainThread]: [31mYour profile may need adjustments. You can find the logs of `dbt debug` above[0m
[0m11:39:53.494759 [debug] [MainThread]: Command `dbt init` succeeded at 11:39:53.494759 after 151.78 seconds
[0m11:39:53.495765 [debug] [MainThread]: Connection 'debug' was properly closed.
[0m11:39:53.495765 [debug] [MainThread]: Sending event: {'category': 'dbt', 'action': 'invocation', 'label': 'end', 'context': [<snowplow_tracker.self_describing_json.SelfDescribingJson object at 0x000002472CBE2150>, <snowplow_tracker.self_describing_json.SelfDescribingJson object at 0x0000024724A4C850>, <snowplow_tracker.self_describing_json.SelfDescribingJson object at 0x000002472CC01350>]}
[0m11:39:53.496765 [debug] [MainThread]: Flushing usage events
[0m11:39:54.101652 [debug] [MainThread]: An error was encountered while trying to flush usage events
